// Jest Snapshot v1, https://goo.gl/fbAQLP

exports[`EnumType should render template 1`] = `
"/**
 * Represents the application user roles.
 * @typedef Roles
 * @type {object}
 * @property {string} Admin - an admin role.
 * @property {string} User - a user role.
 */
export const Roles = {
    : "",
    : "",
};

/**
 * Represents the application user roles.
 */
export type Roles = typeof Roles[keyof typeof Roles];"
`;
